	println "Registered people:"
	
	List<Map> result = selectFrom(
[
"NAME",
"AGE"
] as String[],
[
"PERSON"
] as String[]) 
	
	result .each{
		
		Map row ->
		println "Name: ${row.Name} Age:${row.Age}";
		
		}