def q12 = selectFrom(
[
"NAME",
"AGE"
] as String[],
[
"PERSONS"
] as String[])