	left 30
	forward 150
	left 120
	forward 150
	left 120
	forward 150	
	
	lt 90
	bd 15
	rt 30
	bd 150
	rt 120
	bd 150
	rt 120
	bd 150