Set a = union(
asSet(
singleElementedList(
"2")),
asSet(
multiElementedList(
"6",
multiElementedList(
"8",
singleElementedList(
"2"))))); 
        
    Set ares = union(
a,
asSet(
multiElementedList(
"1",
multiElementedList(
"2",
singleElementedList(
"3")))))