    Set a = union(
asSet(
singleElementedList(
"2")),
asSet(
multiElementedList(
"6",
multiElementedList(
"8",
singleElementedList(
"2"))))); 
    Set ares = asSet(
multiElementedList(
"2",
multiElementedList(
"6",
singleElementedList(
"8"))));