    Set b = intersection(
asSet(
singleElementedList(
"2")),
asSet(
multiElementedList(
"6",
multiElementedList(
"8",
singleElementedList(
"2")))))