int a = 1
int b = 2
Map m = buildMap(Integer.class,String.class, [
             buildEntry(a,"Hans") as Entry[] ,
              buildEntry(b,"Peter") as Entry[] ])