def m2 = buildMap(
Integer.class,
String.class,
[
buildEntry(
1,
"hans"),
buildEntry(
2,
"peter")
] as Entry[])